
  Syntax error!
  tests/printer/other/string.res:11:10-11

   9 │ let s = "what happens here \\n"
  10 │ 
  11 │ let s = "\0 \xA0"
  12 │ 
  13 │ let s = "unknown escape \m111 as passed through"

  unknown escape sequence

