
  Syntax error!
  tests/parsing/grammar/expressions/bsObject.res:7:39-40

  5 │ let y = {"age": 30, "name": "steve"}
  6 │ let y = {"age": 30, "name": "steve",}
  7 │ let z = {"\xff": 1, "\u2212": "two", "\0": zero, "\o123": "o123"}
  8 │ 
  9 │ // don't confuse with start of block expr

  unknown escape sequence

