
  Syntax error!
  tests/parsing/grammar/expressions/constants.res:66:13-14

  64 │ }
  65 │ 
  66 │ let x = "foo\0bar"
  67 │ let x = "foo\x0Abar"
  68 │ let x = "\\abc"

  unknown escape sequence

