
  Syntax error!
  tests/parsing/grammar/pattern/constant.res:12:4-5

  10 │ | "\xff" => ()
  11 │ | "\u2212" => ()
  12 │ | "\0" => ()
  13 │ | "\o123" => ()
  14 │ }

  unknown escape sequence

